nohup: ignoring input
Trial 1 of 1
[CausalSet] starting...

> Using Processor:  Intel(R) Xeon(R) CPU E5-2650 0 @ 2.00GHz
	Estimating Age of Universe.....
		Execution Time: 0.000696
	Completed.

	Parameters Constraining Universe Causal Set:
	--------------------------------------------
[36m	 > Number of Nodes:		131072
	 > Expected Degrees:		10.000000
	 > Pseudoradius:		1.000000
	 > Cosmological Constant:	3.000000
	 > Rescaled Age:		0.608988
	 > Dark Energy Density:		0.522439
	 > Rescaled Energy Density:	1.000000
	 > Matter Density:		0.477561
	 > Rescaled Matter Density:	0.914101
	 > Ratio:			1.093972
	 > Node Density:		500.000000
	 > Alpha:			6.788872
	 > Scaling Factor:		6.995192

[0m
Initializing Network...
	Memory Successfully Allocated.
[36m		Maximum Conformal Time: 0.28220400
		Maximum Rescaled Time:  0.60898777
[0m	Nodes Successfully Generated.
	Quick Sort Successfully Performed.
[36m		Minimum Rescaled Time:  0.017116
[0mdx_max: 240.757141
